// Jest Snapshot v1, https://goo.gl/fbAQLP

exports[`RecipesCard renders  without crashing when no props passed 1`] = `ShallowWrapper {}`;

exports[`RecipesCard renders 1`] = `ShallowWrapper {}`;
